├ ○ /protocol
├ ƒ /ref/[slug]
├ ○ /refunds
├ ○ /robots.txt
├ ○ /signup
├ ○ /sitemap.xml
└ ○ /terms


ƒ Proxy (Middleware)

○  (Static)   prerendered as static content
●  (SSG)      prerendered as static HTML (uses generateStaticParams)
ƒ  (Dynamic)  server-rendered on demand

